// Jest Snapshot v1, https://goo.gl/fbAQLP

exports[`should renders correctly 1`] = `
<Alert
  className="orange"
  details="Something not ideal might be happening."
  message="Be Warned"
/>
`;
